2026-04-26 18:19:02,351 [INFO] discord.client: logging in using static token
2026-04-26 18:19:09,099 [INFO] discord.gateway: Shard ID None has connected to Gateway (Session ID: f2df04cbd4f5ca72c28791c33c3aa9b1).
2026-04-28 18:36:15,038 [INFO] discord.client: logging in using static token
2026-04-28 18:36:20,512 [INFO] discord.gateway: Shard ID None has connected to Gateway (Session ID: 90c4d10e618b43989404e2a928cefeb7).
2026-04-28 18:36:29,221 [INFO] discord.voice_state: Connecting to voice...
2026-04-28 18:36:29,222 [INFO] discord.voice_state: Starting voice handshake... (connection attempt 1)
2026-04-28 18:36:29,630 [INFO] discord.voice_state: Voice handshake complete. Endpoint found: santiago11042.discord.media:443
2026-04-28 18:36:30,162 [INFO] discord.ext.voice_recv.gateway: WS payload has extra keys: {'seq': 0}
2026-04-28 18:36:30,162 [INFO] discord.ext.voice_recv.gateway: WS payload has extra keys: {'seq': 1}
2026-04-28 18:36:30,164 [INFO] discord.ext.voice_recv.gateway: WS payload has extra keys: {'seq': 2}
2026-04-28 18:36:30,164 [INFO] discord.ext.voice_recv.gateway: WS payload has extra keys: {'seq': 3}
2026-04-28 18:36:30,164 [INFO] discord.ext.voice_recv.gateway: WS payload has extra keys: {'seq': 4}
2026-04-28 18:36:30,165 [INFO] discord.ext.voice_recv.gateway: WS payload has extra keys: {'seq': 5}
2026-04-28 18:36:30,165 [INFO] discord.ext.voice_recv.gateway: WS payload has extra keys: {'seq': 6}
2026-04-28 18:36:30,165 [INFO] discord.ext.voice_recv.gateway: WS payload has extra keys: {'seq': 7}
2026-04-28 18:36:30,165 [INFO] discord.ext.voice_recv.gateway: WS payload has extra keys: {'seq': 8}
2026-04-28 18:36:30,165 [INFO] discord.ext.voice_recv.gateway: WS payload has extra keys: {'seq': 9}
2026-04-28 18:36:30,166 [INFO] discord.ext.voice_recv.gateway: WS payload has extra keys: {'seq': 10}
2026-04-28 18:36:30,166 [INFO] discord.ext.voice_recv.gateway: WS payload has extra keys: {'seq': 11}
2026-04-28 18:36:30,166 [INFO] discord.ext.voice_recv.gateway: WS payload has extra keys: {'seq': 12}
2026-04-28 18:36:30,285 [INFO] discord.voice_state: Voice connection complete.
2026-04-28 18:36:30,286 [INFO] discord.ext.voice_recv.gateway: WS payload has extra keys: {'seq': 13}
2026-04-28 18:36:30,553 [INFO] discord.ext.voice_recv.gateway: WS payload has extra keys: {'seq': 16}
2026-04-28 18:40:08,185 [INFO] discord.player: ffmpeg process 14416 successfully terminated with return code of 0.
2026-04-28 18:43:36,414 [INFO] discord.player: ffmpeg process 18452 successfully terminated with return code of 0.
2026-04-28 18:46:17,263 [INFO] discord.player: ffmpeg process 2740 successfully terminated with return code of 0.
2026-04-28 18:54:44,673 [INFO] discord.player: ffmpeg process 21680 successfully terminated with return code of 0.
2026-04-28 18:57:37,420 [INFO] discord.player: ffmpeg process 8748 successfully terminated with return code of 0.
2026-04-28 18:57:37,421 [ERROR] Launcher: Error procesando IPC_QUEUE_UPDATE
Traceback (most recent call last):
  File "c:\Users\zacks\OneDrive\Documentos\Visual Studio Code\MeowSick\launcher.py", line 506, in read_output
    data = json.loads(json_str)
  File "C:\Program Files\WindowsApps\PythonSoftwareFoundation.Python.3.13_3.13.3568.0_x64__qbz5n2kfra8p0\Lib\json\__init__.py", line 352, in loads
    return _default_decoder.decode(s)
           ~~~~~~~~~~~~~~~~~~~~~~~^^^
  File "C:\Program Files\WindowsApps\PythonSoftwareFoundation.Python.3.13_3.13.3568.0_x64__qbz5n2kfra8p0\Lib\json\decoder.py", line 348, in decode
    raise JSONDecodeError("Extra data", s, end)
json.decoder.JSONDecodeError: Extra data: line 1 column 2282 (char 2281)
2026-04-28 19:00:10,526 [INFO] discord.ext.voice_recv.gateway: WS payload has extra keys: {'seq': 17}
2026-04-28 19:01:12,593 [WARNING] discord.gateway: Shard ID None has stopped responding to the gateway. Closing and restarting.
2026-04-28 19:01:58,518 [INFO] discord.voice_state: The voice handshake is being terminated for Channel ID 1261472657959026700 (Guild ID 970440274721509376)
2026-04-28 19:01:58,536 [INFO] discord.player: ffmpeg process 19200 has not terminated. Waiting to terminate...
2026-04-28 19:01:58,558 [INFO] discord.player: ffmpeg process 19200 should have terminated with a return code of 1.
2026-04-28 19:04:31,568 [ERROR] asyncio: Task exception was never retrieved
future: <Task finished name='Voice websocket poller' coro=<VoiceConnectionState._poll_voice_ws() done, defined at C:\Users\zacks\AppData\Local\Packages\PythonSoftwareFoundation.Python.3.13_qbz5n2kfra8p0\LocalCache\local-packages\Python313\site-packages\discord\voice_state.py:667> exception=AttributeError("'_MissingSentinel' object has no attribute 'speaking_timer'")>
Traceback (most recent call last):
  File "C:\Users\zacks\AppData\Local\Packages\PythonSoftwareFoundation.Python.3.13_qbz5n2kfra8p0\LocalCache\local-packages\Python313\site-packages\discord\voice_state.py", line 671, in _poll_voice_ws
    await self.ws.poll_event()
  File "C:\Users\zacks\AppData\Local\Packages\PythonSoftwareFoundation.Python.3.13_qbz5n2kfra8p0\LocalCache\local-packages\Python313\site-packages\discord\gateway.py", line 1156, in poll_event
    await self.received_message(utils._from_json(msg.data))
  File "C:\Users\zacks\AppData\Local\Packages\PythonSoftwareFoundation.Python.3.13_qbz5n2kfra8p0\LocalCache\local-packages\Python313\site-packages\discord\gateway.py", line 1032, in received_message
    await self._hook(self, msg)
  File "C:\Users\zacks\AppData\Local\Packages\PythonSoftwareFoundation.Python.3.13_qbz5n2kfra8p0\LocalCache\local-packages\Python313\site-packages\discord\ext\voice_recv\gateway.py", line 106, in hook
    vc._remove_ssrc(user_id=uid)
    ~~~~~~~~~~~~~~~^^^^^^^^^^^^^
  File "C:\Users\zacks\AppData\Local\Packages\PythonSoftwareFoundation.Python.3.13_qbz5n2kfra8p0\LocalCache\local-packages\Python313\site-packages\discord\ext\voice_recv\voice_client.py", line 128, in _remove_ssrc
    self._reader.speaking_timer.drop_ssrc(ssrc)
    ^^^^^^^^^^^^^^^^^^^^^^^^^^^
AttributeError: '_MissingSentinel' object has no attribute 'speaking_timer'
2026-04-28 19:04:38,484 [INFO] discord.client: logging in using static token
2026-04-28 19:04:40,718 [INFO] discord.gateway: Shard ID None has connected to Gateway (Session ID: 9e65fda313cca3a3dfa04948481b98c4).
2026-04-28 19:04:50,666 [INFO] discord.voice_state: Connecting to voice...
2026-04-28 19:04:50,666 [INFO] discord.voice_state: Starting voice handshake... (connection attempt 1)
2026-04-28 19:04:51,078 [INFO] discord.voice_state: Voice handshake complete. Endpoint found: santiago11042.discord.media:443
2026-04-28 19:04:51,605 [INFO] discord.ext.voice_recv.gateway: WS payload has extra keys: {'seq': 0}
2026-04-28 19:04:51,606 [INFO] discord.ext.voice_recv.gateway: WS payload has extra keys: {'seq': 1}
2026-04-28 19:04:51,606 [INFO] discord.ext.voice_recv.gateway: WS payload has extra keys: {'seq': 2}
2026-04-28 19:04:51,606 [INFO] discord.ext.voice_recv.gateway: WS payload has extra keys: {'seq': 3}
2026-04-28 19:04:51,606 [INFO] discord.ext.voice_recv.gateway: WS payload has extra keys: {'seq': 4}
2026-04-28 19:04:51,606 [INFO] discord.ext.voice_recv.gateway: WS payload has extra keys: {'seq': 5}
2026-04-28 19:04:51,606 [INFO] discord.ext.voice_recv.gateway: WS payload has extra keys: {'seq': 6}
2026-04-28 19:04:51,606 [INFO] discord.ext.voice_recv.gateway: WS payload has extra keys: {'seq': 7}
2026-04-28 19:04:51,607 [INFO] discord.ext.voice_recv.gateway: WS payload has extra keys: {'seq': 8}
2026-04-28 19:04:51,607 [INFO] discord.ext.voice_recv.gateway: WS payload has extra keys: {'seq': 9}
2026-04-28 19:04:51,728 [INFO] discord.voice_state: Voice connection complete.
2026-04-28 19:04:51,729 [INFO] discord.ext.voice_recv.gateway: WS payload has extra keys: {'seq': 10}
2026-04-28 19:04:52,046 [INFO] discord.ext.voice_recv.gateway: WS payload has extra keys: {'seq': 13}
2026-04-28 19:05:22,748 [INFO] discord.ext.voice_recv.gateway: WS payload has extra keys: {'seq': 14}
2026-04-28 19:06:00,646 [INFO] discord.voice_state: The voice handshake is being terminated for Channel ID 1261472657959026700 (Guild ID 970440274721509376)
2026-04-28 19:06:00,652 [INFO] discord.player: ffmpeg process 18904 has not terminated. Waiting to terminate...
2026-04-28 19:06:00,663 [INFO] discord.player: ffmpeg process 18904 should have terminated with a return code of 1.
2026-04-28 19:08:46,003 [INFO] discord.client: logging in using static token
2026-04-28 19:08:48,251 [INFO] discord.gateway: Shard ID None has connected to Gateway (Session ID: bcb966f938788ad48d1f880ca1491bc4).
2026-04-28 19:08:59,459 [INFO] discord.voice_state: Connecting to voice...
2026-04-28 19:08:59,459 [INFO] discord.voice_state: Starting voice handshake... (connection attempt 1)
2026-04-28 19:08:59,849 [INFO] discord.voice_state: Voice handshake complete. Endpoint found: santiago11042.discord.media:443
2026-04-28 19:09:00,350 [INFO] discord.ext.voice_recv.gateway: WS payload has extra keys: {'seq': 0}
2026-04-28 19:09:00,350 [INFO] discord.ext.voice_recv.gateway: WS payload has extra keys: {'seq': 1}
2026-04-28 19:09:00,351 [INFO] discord.ext.voice_recv.gateway: WS payload has extra keys: {'seq': 2}
2026-04-28 19:09:00,352 [INFO] discord.ext.voice_recv.gateway: WS payload has extra keys: {'seq': 3}
2026-04-28 19:09:00,352 [INFO] discord.ext.voice_recv.gateway: WS payload has extra keys: {'seq': 4}
2026-04-28 19:09:00,352 [INFO] discord.ext.voice_recv.gateway: WS payload has extra keys: {'seq': 5}
2026-04-28 19:09:00,352 [INFO] discord.ext.voice_recv.gateway: WS payload has extra keys: {'seq': 6}
2026-04-28 19:09:00,468 [INFO] discord.voice_state: Voice connection complete.
2026-04-28 19:09:00,469 [INFO] discord.ext.voice_recv.gateway: WS payload has extra keys: {'seq': 7}
2026-04-28 19:09:00,732 [INFO] discord.ext.voice_recv.gateway: WS payload has extra keys: {'seq': 10}
2026-04-28 19:12:02,770 [INFO] discord.ext.voice_recv.gateway: WS payload has extra keys: {'seq': 11}
2026-04-28 19:12:02,770 [INFO] discord.ext.voice_recv.gateway: WS payload has extra keys: {'seq': 12}
2026-04-28 19:12:02,771 [INFO] discord.ext.voice_recv.gateway: WS payload has extra keys: {'seq': 13}
2026-04-28 19:12:03,200 [INFO] discord.ext.voice_recv.gateway: WS payload has extra keys: {'seq': 16}
2026-04-28 19:12:04,911 [INFO] discord.ext.voice_recv.gateway: WS payload has extra keys: {'seq': 17}
2026-04-28 19:13:56,581 [INFO] discord.player: ffmpeg process 6196 successfully terminated with return code of 0.
2026-04-28 19:13:56,582 [ERROR] Launcher: Error procesando IPC_QUEUE_UPDATE
Traceback (most recent call last):
  File "c:\Users\zacks\OneDrive\Documentos\Visual Studio Code\MeowSick\launcher.py", line 506, in read_output
    data = json.loads(json_str)
  File "C:\Program Files\WindowsApps\PythonSoftwareFoundation.Python.3.13_3.13.3568.0_x64__qbz5n2kfra8p0\Lib\json\__init__.py", line 352, in loads
    return _default_decoder.decode(s)
           ~~~~~~~~~~~~~~~~~~~~~~~^^^
  File "C:\Program Files\WindowsApps\PythonSoftwareFoundation.Python.3.13_3.13.3568.0_x64__qbz5n2kfra8p0\Lib\json\decoder.py", line 348, in decode
    raise JSONDecodeError("Extra data", s, end)
json.decoder.JSONDecodeError: Extra data: line 1 column 2027 (char 2026)
2026-04-28 19:16:10,706 [INFO] discord.ext.voice_recv.gateway: WS payload has extra keys: {'seq': 18}
2026-04-28 19:17:11,063 [WARNING] discord.gateway: Shard ID None has stopped responding to the gateway. Closing and restarting.
2026-04-28 19:18:54,305 [INFO] discord.player: ffmpeg process 21572 successfully terminated with return code of 0.
2026-04-28 19:18:54,306 [ERROR] Launcher: Error procesando IPC_QUEUE_UPDATE
Traceback (most recent call last):
  File "c:\Users\zacks\OneDrive\Documentos\Visual Studio Code\MeowSick\launcher.py", line 506, in read_output
    data = json.loads(json_str)
  File "C:\Program Files\WindowsApps\PythonSoftwareFoundation.Python.3.13_3.13.3568.0_x64__qbz5n2kfra8p0\Lib\json\__init__.py", line 352, in loads
    return _default_decoder.decode(s)
           ~~~~~~~~~~~~~~~~~~~~~~~^^^
  File "C:\Program Files\WindowsApps\PythonSoftwareFoundation.Python.3.13_3.13.3568.0_x64__qbz5n2kfra8p0\Lib\json\decoder.py", line 348, in decode
    raise JSONDecodeError("Extra data", s, end)
json.decoder.JSONDecodeError: Extra data: line 1 column 1993 (char 1992)
2026-04-28 19:22:37,550 [INFO] discord.player: ffmpeg process 8208 successfully terminated with return code of 0.
2026-04-28 19:27:01,030 [ERROR] discord.ext.commands.bot: Ignoring exception in command None
discord.ext.commands.errors.CommandNotFound: Command "h" is not found
2026-04-28 19:27:09,578 [INFO] discord.voice_state: The voice handshake is being terminated for Channel ID 1261472657959026700 (Guild ID 970440274721509376)
2026-04-28 19:27:09,586 [INFO] discord.player: ffmpeg process 23412 has not terminated. Waiting to terminate...
2026-04-28 19:27:09,599 [INFO] discord.player: ffmpeg process 23412 should have terminated with a return code of 1.
2026-04-28 19:27:14,674 [INFO] discord.voice_state: Connecting to voice...
2026-04-28 19:27:14,674 [INFO] discord.voice_state: Starting voice handshake... (connection attempt 1)
2026-04-28 19:27:15,077 [INFO] discord.voice_state: Voice handshake complete. Endpoint found: santiago11042.discord.media:443
2026-04-28 19:27:15,603 [INFO] discord.ext.voice_recv.gateway: WS payload has extra keys: {'seq': 0}
2026-04-28 19:27:15,604 [INFO] discord.ext.voice_recv.gateway: WS payload has extra keys: {'seq': 1}
2026-04-28 19:27:15,604 [INFO] discord.ext.voice_recv.gateway: WS payload has extra keys: {'seq': 2}
2026-04-28 19:27:15,604 [INFO] discord.ext.voice_recv.gateway: WS payload has extra keys: {'seq': 3}
2026-04-28 19:27:15,604 [INFO] discord.ext.voice_recv.gateway: WS payload has extra keys: {'seq': 4}
2026-04-28 19:27:15,605 [INFO] discord.ext.voice_recv.gateway: WS payload has extra keys: {'seq': 5}
2026-04-28 19:27:15,605 [INFO] discord.ext.voice_recv.gateway: WS payload has extra keys: {'seq': 6}
2026-04-28 19:27:15,606 [INFO] discord.ext.voice_recv.gateway: WS payload has extra keys: {'seq': 7}
2026-04-28 19:27:15,607 [INFO] discord.ext.voice_recv.gateway: WS payload has extra keys: {'seq': 8}
2026-04-28 19:27:15,607 [INFO] discord.ext.voice_recv.gateway: WS payload has extra keys: {'seq': 9}
2026-04-28 19:27:15,722 [INFO] discord.voice_state: Voice connection complete.
2026-04-28 19:27:15,722 [INFO] discord.ext.voice_recv.gateway: WS payload has extra keys: {'seq': 10}
2026-04-28 19:27:15,983 [INFO] discord.ext.voice_recv.gateway: WS payload has extra keys: {'seq': 13}
2026-04-28 19:27:19,952 [ERROR] asyncio: Task exception was never retrieved
future: <Task finished name='Voice websocket poller' coro=<VoiceConnectionState._poll_voice_ws() done, defined at C:\Users\zacks\AppData\Local\Packages\PythonSoftwareFoundation.Python.3.13_qbz5n2kfra8p0\LocalCache\local-packages\Python313\site-packages\discord\voice_state.py:667> exception=AttributeError("'_MissingSentinel' object has no attribute 'speaking_timer'")>
Traceback (most recent call last):
  File "C:\Users\zacks\AppData\Local\Packages\PythonSoftwareFoundation.Python.3.13_qbz5n2kfra8p0\LocalCache\local-packages\Python313\site-packages\discord\voice_state.py", line 671, in _poll_voice_ws
    await self.ws.poll_event()
  File "C:\Users\zacks\AppData\Local\Packages\PythonSoftwareFoundation.Python.3.13_qbz5n2kfra8p0\LocalCache\local-packages\Python313\site-packages\discord\gateway.py", line 1156, in poll_event
    await self.received_message(utils._from_json(msg.data))
  File "C:\Users\zacks\AppData\Local\Packages\PythonSoftwareFoundation.Python.3.13_qbz5n2kfra8p0\LocalCache\local-packages\Python313\site-packages\discord\gateway.py", line 1032, in received_message
    await self._hook(self, msg)
  File "C:\Users\zacks\AppData\Local\Packages\PythonSoftwareFoundation.Python.3.13_qbz5n2kfra8p0\LocalCache\local-packages\Python313\site-packages\discord\ext\voice_recv\gateway.py", line 106, in hook
    vc._remove_ssrc(user_id=uid)
    ~~~~~~~~~~~~~~~^^^^^^^^^^^^^
  File "C:\Users\zacks\AppData\Local\Packages\PythonSoftwareFoundation.Python.3.13_qbz5n2kfra8p0\LocalCache\local-packages\Python313\site-packages\discord\ext\voice_recv\voice_client.py", line 128, in _remove_ssrc
    self._reader.speaking_timer.drop_ssrc(ssrc)
    ^^^^^^^^^^^^^^^^^^^^^^^^^^^
AttributeError: '_MissingSentinel' object has no attribute 'speaking_timer'
2026-04-28 19:31:31,781 [INFO] discord.player: ffmpeg process 19080 successfully terminated with return code of 0.
2026-04-28 19:33:34,813 [INFO] discord.ext.voice_recv.gateway: WS payload has extra keys: {'seq': 14}
2026-04-28 19:33:34,813 [INFO] discord.ext.voice_recv.gateway: WS payload has extra keys: {'seq': 15}
2026-04-28 19:33:34,813 [INFO] discord.ext.voice_recv.gateway: WS payload has extra keys: {'seq': 16}
2026-04-28 19:33:41,049 [INFO] discord.ext.voice_recv.gateway: WS payload has extra keys: {'seq': 17}
2026-04-28 19:33:41,216 [INFO] discord.ext.voice_recv.gateway: WS payload has extra keys: {'seq': 20}
2026-04-28 19:36:51,806 [INFO] discord.player: ffmpeg process 20728 successfully terminated with return code of 0.
2026-04-28 19:41:31,009 [INFO] discord.player: ffmpeg process 14008 successfully terminated with return code of 0.
2026-04-28 19:45:12,716 [INFO] discord.player: ffmpeg process 1732 successfully terminated with return code of 0.
2026-04-28 19:45:12,717 [ERROR] Launcher: Error procesando IPC_QUEUE_UPDATE
Traceback (most recent call last):
  File "c:\Users\zacks\OneDrive\Documentos\Visual Studio Code\MeowSick\launcher.py", line 506, in read_output
    data = json.loads(json_str)
  File "C:\Program Files\WindowsApps\PythonSoftwareFoundation.Python.3.13_3.13.3568.0_x64__qbz5n2kfra8p0\Lib\json\__init__.py", line 352, in loads
    return _default_decoder.decode(s)
           ~~~~~~~~~~~~~~~~~~~~~~~^^^
  File "C:\Program Files\WindowsApps\PythonSoftwareFoundation.Python.3.13_3.13.3568.0_x64__qbz5n2kfra8p0\Lib\json\decoder.py", line 348, in decode
    raise JSONDecodeError("Extra data", s, end)
json.decoder.JSONDecodeError: Extra data: line 1 column 1760 (char 1759)
2026-04-28 19:48:19,188 [INFO] discord.player: ffmpeg process 1124 successfully terminated with return code of 0.
2026-04-28 19:51:31,044 [INFO] discord.player: ffmpeg process 16528 successfully terminated with return code of 0.
2026-04-28 19:51:31,045 [ERROR] Launcher: Error procesando IPC_QUEUE_UPDATE
Traceback (most recent call last):
  File "c:\Users\zacks\OneDrive\Documentos\Visual Studio Code\MeowSick\launcher.py", line 506, in read_output
    data = json.loads(json_str)
  File "C:\Program Files\WindowsApps\PythonSoftwareFoundation.Python.3.13_3.13.3568.0_x64__qbz5n2kfra8p0\Lib\json\__init__.py", line 352, in loads
    return _default_decoder.decode(s)
           ~~~~~~~~~~~~~~~~~~~~~~~^^^
  File "C:\Program Files\WindowsApps\PythonSoftwareFoundation.Python.3.13_3.13.3568.0_x64__qbz5n2kfra8p0\Lib\json\decoder.py", line 348, in decode
    raise JSONDecodeError("Extra data", s, end)
json.decoder.JSONDecodeError: Extra data: line 1 column 1751 (char 1750)
2026-04-28 19:52:49,382 [INFO] discord.voice_state: The voice handshake is being terminated for Channel ID 1261472657959026700 (Guild ID 970440274721509376)
2026-04-28 19:52:49,384 [INFO] discord.player: ffmpeg process 3728 has not terminated. Waiting to terminate...
2026-04-28 19:52:49,389 [INFO] discord.player: ffmpeg process 3728 should have terminated with a return code of 1.
2026-04-29 22:41:27,746 [INFO] discord.client: logging in using static token
2026-04-29 22:41:31,919 [INFO] discord.gateway: Shard ID None has connected to Gateway (Session ID: 8222e2eecfc2724b29548f7695e98e00).
